E:/ARM_2/adin1200_PING/Drivers/STM32H7xx_HAL_Driver/Src/stm32h7xx_hal_eth.c:308:19:HAL_ETH_Init	24	static
E:/ARM_2/adin1200_PING/Drivers/STM32H7xx_HAL_Driver/Src/stm32h7xx_hal_eth.c:435:19:HAL_ETH_DeInit	16	static
E:/ARM_2/adin1200_PING/Drivers/STM32H7xx_HAL_Driver/Src/stm32h7xx_hal_eth.c:468:13:HAL_ETH_MspInit	16	static
E:/ARM_2/adin1200_PING/Drivers/STM32H7xx_HAL_Driver/Src/stm32h7xx_hal_eth.c:483:13:HAL_ETH_MspDeInit	16	static
E:/ARM_2/adin1200_PING/Drivers/STM32H7xx_HAL_Driver/Src/stm32h7xx_hal_eth.c:718:19:HAL_ETH_Start	16	static
E:/ARM_2/adin1200_PING/Drivers/STM32H7xx_HAL_Driver/Src/stm32h7xx_hal_eth.c:764:19:HAL_ETH_Start_IT	16	static
E:/ARM_2/adin1200_PING/Drivers/STM32H7xx_HAL_Driver/Src/stm32h7xx_hal_eth.c:820:19:HAL_ETH_Stop	16	static
E:/ARM_2/adin1200_PING/Drivers/STM32H7xx_HAL_Driver/Src/stm32h7xx_hal_eth.c:859:19:HAL_ETH_Stop_IT	24	static
E:/ARM_2/adin1200_PING/Drivers/STM32H7xx_HAL_Driver/Src/stm32h7xx_hal_eth.c:920:19:HAL_ETH_Transmit	32	static,ignoring_inline_asm
E:/ARM_2/adin1200_PING/Drivers/STM32H7xx_HAL_Driver/Src/stm32h7xx_hal_eth.c:995:19:HAL_ETH_Transmit_IT	16	static,ignoring_inline_asm
E:/ARM_2/adin1200_PING/Drivers/STM32H7xx_HAL_Driver/Src/stm32h7xx_hal_eth.c:1041:19:HAL_ETH_ReadData	40	static
E:/ARM_2/adin1200_PING/Drivers/STM32H7xx_HAL_Driver/Src/stm32h7xx_hal_eth.c:1153:13:ETH_UpdateDescriptor	40	static,ignoring_inline_asm
E:/ARM_2/adin1200_PING/Drivers/STM32H7xx_HAL_Driver/Src/stm32h7xx_hal_eth.c:1233:19:HAL_ETH_RegisterRxAllocateCallback	16	static
E:/ARM_2/adin1200_PING/Drivers/STM32H7xx_HAL_Driver/Src/stm32h7xx_hal_eth.c:1254:19:HAL_ETH_UnRegisterRxAllocateCallback	16	static
E:/ARM_2/adin1200_PING/Drivers/STM32H7xx_HAL_Driver/Src/stm32h7xx_hal_eth.c:1267:13:HAL_ETH_RxAllocateCallback	16	static
E:/ARM_2/adin1200_PING/Drivers/STM32H7xx_HAL_Driver/Src/stm32h7xx_hal_eth.c:1284:13:HAL_ETH_RxLinkCallback	24	static
E:/ARM_2/adin1200_PING/Drivers/STM32H7xx_HAL_Driver/Src/stm32h7xx_hal_eth.c:1303:19:HAL_ETH_RegisterRxLinkCallback	16	static
E:/ARM_2/adin1200_PING/Drivers/STM32H7xx_HAL_Driver/Src/stm32h7xx_hal_eth.c:1323:19:HAL_ETH_UnRegisterRxLinkCallback	16	static
E:/ARM_2/adin1200_PING/Drivers/STM32H7xx_HAL_Driver/Src/stm32h7xx_hal_eth.c:1338:19:HAL_ETH_GetRxDataErrorCode	16	static
E:/ARM_2/adin1200_PING/Drivers/STM32H7xx_HAL_Driver/Src/stm32h7xx_hal_eth.c:1353:19:HAL_ETH_RegisterTxFreeCallback	16	static
E:/ARM_2/adin1200_PING/Drivers/STM32H7xx_HAL_Driver/Src/stm32h7xx_hal_eth.c:1373:19:HAL_ETH_UnRegisterTxFreeCallback	16	static
E:/ARM_2/adin1200_PING/Drivers/STM32H7xx_HAL_Driver/Src/stm32h7xx_hal_eth.c:1386:13:HAL_ETH_TxFreeCallback	16	static
E:/ARM_2/adin1200_PING/Drivers/STM32H7xx_HAL_Driver/Src/stm32h7xx_hal_eth.c:1401:19:HAL_ETH_ReleaseTxPacket	32	static
E:/ARM_2/adin1200_PING/Drivers/STM32H7xx_HAL_Driver/Src/stm32h7xx_hal_eth.c:1868:6:HAL_ETH_IRQHandler	40	static
E:/ARM_2/adin1200_PING/Drivers/STM32H7xx_HAL_Driver/Src/stm32h7xx_hal_eth.c:2054:13:HAL_ETH_TxCpltCallback	16	static
E:/ARM_2/adin1200_PING/Drivers/STM32H7xx_HAL_Driver/Src/stm32h7xx_hal_eth.c:2069:13:HAL_ETH_RxCpltCallback	16	static
E:/ARM_2/adin1200_PING/Drivers/STM32H7xx_HAL_Driver/Src/stm32h7xx_hal_eth.c:2084:13:HAL_ETH_ErrorCallback	16	static
E:/ARM_2/adin1200_PING/Drivers/STM32H7xx_HAL_Driver/Src/stm32h7xx_hal_eth.c:2099:13:HAL_ETH_PMTCallback	16	static
E:/ARM_2/adin1200_PING/Drivers/STM32H7xx_HAL_Driver/Src/stm32h7xx_hal_eth.c:2114:13:HAL_ETH_EEECallback	16	static
E:/ARM_2/adin1200_PING/Drivers/STM32H7xx_HAL_Driver/Src/stm32h7xx_hal_eth.c:2129:13:HAL_ETH_WakeUpCallback	16	static
E:/ARM_2/adin1200_PING/Drivers/STM32H7xx_HAL_Driver/Src/stm32h7xx_hal_eth.c:2147:19:HAL_ETH_ReadPHYRegister	32	static
E:/ARM_2/adin1200_PING/Drivers/STM32H7xx_HAL_Driver/Src/stm32h7xx_hal_eth.c:2202:19:HAL_ETH_WritePHYRegister	32	static
E:/ARM_2/adin1200_PING/Drivers/STM32H7xx_HAL_Driver/Src/stm32h7xx_hal_eth.c:2274:19:HAL_ETH_GetMACConfig	16	static
E:/ARM_2/adin1200_PING/Drivers/STM32H7xx_HAL_Driver/Src/stm32h7xx_hal_eth.c:2346:19:HAL_ETH_GetDMAConfig	16	static
E:/ARM_2/adin1200_PING/Drivers/STM32H7xx_HAL_Driver/Src/stm32h7xx_hal_eth.c:2380:19:HAL_ETH_SetMACConfig	16	static
E:/ARM_2/adin1200_PING/Drivers/STM32H7xx_HAL_Driver/Src/stm32h7xx_hal_eth.c:2407:19:HAL_ETH_SetDMAConfig	16	static
E:/ARM_2/adin1200_PING/Drivers/STM32H7xx_HAL_Driver/Src/stm32h7xx_hal_eth.c:2432:6:HAL_ETH_SetMDIOClockRange	24	static
E:/ARM_2/adin1200_PING/Drivers/STM32H7xx_HAL_Driver/Src/stm32h7xx_hal_eth.c:2490:19:HAL_ETH_SetMACFilterConfig	24	static
E:/ARM_2/adin1200_PING/Drivers/STM32H7xx_HAL_Driver/Src/stm32h7xx_hal_eth.c:2524:19:HAL_ETH_GetMACFilterConfig	16	static
E:/ARM_2/adin1200_PING/Drivers/STM32H7xx_HAL_Driver/Src/stm32h7xx_hal_eth.c:2561:19:HAL_ETH_SetSourceMACAddrMatch	32	static
E:/ARM_2/adin1200_PING/Drivers/STM32H7xx_HAL_Driver/Src/stm32h7xx_hal_eth.c:2597:19:HAL_ETH_SetHashTable	16	static
E:/ARM_2/adin1200_PING/Drivers/STM32H7xx_HAL_Driver/Src/stm32h7xx_hal_eth.c:2619:6:HAL_ETH_SetRxVLANIdentifier	24	static
E:/ARM_2/adin1200_PING/Drivers/STM32H7xx_HAL_Driver/Src/stm32h7xx_hal_eth.c:2641:6:HAL_ETH_EnterPowerDownMode	24	static
E:/ARM_2/adin1200_PING/Drivers/STM32H7xx_HAL_Driver/Src/stm32h7xx_hal_eth.c:2663:6:HAL_ETH_ExitPowerDownMode	16	static
E:/ARM_2/adin1200_PING/Drivers/STM32H7xx_HAL_Driver/Src/stm32h7xx_hal_eth.c:2687:19:HAL_ETH_SetWakeUpFilter	32	static
E:/ARM_2/adin1200_PING/Drivers/STM32H7xx_HAL_Driver/Src/stm32h7xx_hal_eth.c:2736:22:HAL_ETH_GetState	16	static
E:/ARM_2/adin1200_PING/Drivers/STM32H7xx_HAL_Driver/Src/stm32h7xx_hal_eth.c:2747:10:HAL_ETH_GetError	16	static
E:/ARM_2/adin1200_PING/Drivers/STM32H7xx_HAL_Driver/Src/stm32h7xx_hal_eth.c:2758:10:HAL_ETH_GetDMAError	16	static
E:/ARM_2/adin1200_PING/Drivers/STM32H7xx_HAL_Driver/Src/stm32h7xx_hal_eth.c:2769:10:HAL_ETH_GetMACError	16	static
E:/ARM_2/adin1200_PING/Drivers/STM32H7xx_HAL_Driver/Src/stm32h7xx_hal_eth.c:2780:10:HAL_ETH_GetMACWakeUpSource	16	static
E:/ARM_2/adin1200_PING/Drivers/STM32H7xx_HAL_Driver/Src/stm32h7xx_hal_eth.c:2791:10:HAL_ETH_GetTxBuffersNumber	16	static
E:/ARM_2/adin1200_PING/Drivers/STM32H7xx_HAL_Driver/Src/stm32h7xx_hal_eth.c:2807:13:ETH_SetMACConfig	24	static
E:/ARM_2/adin1200_PING/Drivers/STM32H7xx_HAL_Driver/Src/stm32h7xx_hal_eth.c:2884:13:ETH_SetDMAConfig	24	static
E:/ARM_2/adin1200_PING/Drivers/STM32H7xx_HAL_Driver/Src/stm32h7xx_hal_eth.c:2925:13:ETH_MACDMAConfig	152	static
E:/ARM_2/adin1200_PING/Drivers/STM32H7xx_HAL_Driver/Src/stm32h7xx_hal_eth.c:2998:13:ETH_DMATxDescListInit	24	static
E:/ARM_2/adin1200_PING/Drivers/STM32H7xx_HAL_Driver/Src/stm32h7xx_hal_eth.c:3036:13:ETH_DMARxDescListInit	24	static
E:/ARM_2/adin1200_PING/Drivers/STM32H7xx_HAL_Driver/Src/stm32h7xx_hal_eth.c:3082:17:ETH_Prepare_Tx_Descriptors	72	static,ignoring_inline_asm
