E:/ARM_2/adin1200_PING/Drivers/BSP/Components/lan8742/lan8742.c:60:10:LAN8742_RegisterBusIO	16	static
E:/ARM_2/adin1200_PING/Drivers/BSP/Components/lan8742/lan8742.c:83:10:LAN8742_Init	32	static
E:/ARM_2/adin1200_PING/Drivers/BSP/Components/lan8742/lan8742.c:143:9:LAN8742_DeInit	16	static
E:/ARM_2/adin1200_PING/Drivers/BSP/Components/lan8742/lan8742.c:168:9:LAN8742_DisablePowerDownMode	24	static
E:/ARM_2/adin1200_PING/Drivers/BSP/Components/lan8742/lan8742.c:198:9:LAN8742_EnablePowerDownMode	24	static
E:/ARM_2/adin1200_PING/Drivers/BSP/Components/lan8742/lan8742.c:228:9:LAN8742_StartAutoNego	24	static
E:/ARM_2/adin1200_PING/Drivers/BSP/Components/lan8742/lan8742.c:264:9:LAN8742_GetLinkState	24	static
E:/ARM_2/adin1200_PING/Drivers/BSP/Components/lan8742/lan8742.c:359:9:LAN8742_SetLinkState	24	static
E:/ARM_2/adin1200_PING/Drivers/BSP/Components/lan8742/lan8742.c:411:9:LAN8742_EnableLoopbackMode	24	static
E:/ARM_2/adin1200_PING/Drivers/BSP/Components/lan8742/lan8742.c:441:9:LAN8742_DisableLoopbackMode	24	static
E:/ARM_2/adin1200_PING/Drivers/BSP/Components/lan8742/lan8742.c:481:9:LAN8742_EnableIT	24	static
E:/ARM_2/adin1200_PING/Drivers/BSP/Components/lan8742/lan8742.c:521:9:LAN8742_DisableIT	24	static
E:/ARM_2/adin1200_PING/Drivers/BSP/Components/lan8742/lan8742.c:560:10:LAN8742_ClearIT	24	static
E:/ARM_2/adin1200_PING/Drivers/BSP/Components/lan8742/lan8742.c:590:9:LAN8742_GetITStatus	24	static
