../LWIP/Target/ethernetif.c:171:6:HAL_ETH_RxCpltCallback	16	static
../LWIP/Target/ethernetif.c:180:6:HAL_ETH_TxCpltCallback	16	static
../LWIP/Target/ethernetif.c:189:6:HAL_ETH_ErrorCallback	16	static
../LWIP/Target/ethernetif.c:211:13:low_level_init	176	static
../LWIP/Target/ethernetif.c:384:14:low_level_output	80	static
../LWIP/Target/ethernetif.c:456:22:low_level_input	24	static
../LWIP/Target/ethernetif.c:477:6:ethernetif_input	24	static
../LWIP/Target/ethernetif.c:534:7:ethernetif_init	16	static
../LWIP/Target/ethernetif.c:585:6:pbuf_free_custom	24	static
../LWIP/Target/ethernetif.c:608:7:sys_now	8	static
../LWIP/Target/ethernetif.c:621:6:HAL_ETH_MspInit	72	static
../LWIP/Target/ethernetif.c:710:6:HAL_ETH_MspDeInit	16	static
../LWIP/Target/ethernetif.c:770:9:ETH_PHY_IO_Init	8	static
../LWIP/Target/ethernetif.c:787:9:ETH_PHY_IO_DeInit	4	static
../LWIP/Target/ethernetif.c:799:9:ETH_PHY_IO_ReadReg	24	static
../LWIP/Target/ethernetif.c:816:9:ETH_PHY_IO_WriteReg	24	static
../LWIP/Target/ethernetif.c:830:9:ETH_PHY_IO_GetTick	8	static
../LWIP/Target/ethernetif.c:839:6:ethernet_link_thread	136	static
../LWIP/Target/ethernetif.c:909:6:HAL_ETH_RxAllocateCallback	32	static
../LWIP/Target/ethernetif.c:931:6:HAL_ETH_RxLinkCallback	56	static,ignoring_inline_asm
../LWIP/Target/ethernetif.c:971:6:HAL_ETH_TxFreeCallback	16	static
